// Jest Snapshot v1, https://goo.gl/fbAQLP

exports[`should take snapshot of the component 1`] = `
<div
  class="flex w-full"
>
  <button
    class="btn-primary rounded-none flex-1 bg-blue-700"
    type="button"
  >
    All
  </button>
  <button
    class="btn-primary rounded-none flex-1 "
    type="button"
  >
    Pending
  </button>
  <button
    class="btn-primary rounded-none flex-1 "
    type="button"
  >
    Completed
  </button>
</div>
`;
